// Jest Snapshot v1, https://goo.gl/fbAQLP

exports[`web-feature-shell schematic should run successfully 1`] = `
"import { CommonModule } from '@angular/common'
import { NgModule } from '@angular/core'
import { RouterModule, Routes } from '@angular/router'
import { TestAuthDataAccessModule, IsLoggedInGuard } from '@nxpm/test/auth/data-access'
import { TestCoreDataAccessModule } from '@nxpm/test/core/data-access'
import { TestLayoutComponent } from '@nxpm/test/layout'

const routes: Routes = [
  {
    path: '',
    component: TestLayoutComponent,
    canActivate: [IsLoggedInGuard],
    children: [
      // Application routes here
      { path: '', pathMatch: 'full', redirectTo: 'shell' },
      {
        path: 'about',
        loadChildren: () => import('@nxpm/test/about/feature').then((m) => m.TestAboutFeatureModule),
      },
      {
        path: 'account',
        loadChildren: () => import('@nxpm/test/account/feature').then((m) => m.TestAccountFeatureModule),
      },
      {
        path: 'admin',
        loadChildren: () => import('@nxpm/test/admin/feature').then((m) => m.TestAdminFeatureModule),
      },
      {
        path: 'shell',
        loadChildren: () => import('@nxpm/test/shell/feature').then((m) => m.TestShellFeatureModule),
      },
      { path: 'not-found', loadChildren: () => import('./not-found/not-found.module').then((m) => m.NotFoundModule) },
    ],
  },
  {
    path: '',
    loadChildren: () => import('@nxpm/test/auth/feature').then((m) => m.TestAuthFeatureModule),
  },
  { path: '**', redirectTo: '/not-found' },
]

@NgModule({
  imports: [CommonModule, RouterModule.forRoot(routes), TestCoreDataAccessModule, TestAuthDataAccessModule],
})
export class TestShellFeatureModule {}
"
`;
