// Jest Snapshot v1, https://goo.gl/fbAQLP

exports[`web-feature-about schematic should run successfully 1`] = `
"import { NgModule } from '@angular/core'
import { CommonModule } from '@angular/common'
import { RouterModule } from '@angular/router'
import { TestCoreDataAccessModule } from '@nxpm/test/core/data-access'
import { TestUiPageModule } from '@nxpm/test/ui/page'
import { TestAboutFeatureComponent } from './test-about-feature.component'

@NgModule({
  declarations: [TestAboutFeatureComponent],
  imports: [
    CommonModule,
    TestCoreDataAccessModule,
    TestUiPageModule,
    RouterModule.forChild([{ path: '', pathMatch: 'full', component: TestAboutFeatureComponent }]),
  ],
})
export class TestAboutFeatureModule {}
"
`;
