// Jest Snapshot v1, https://goo.gl/fbAQLP

exports[`web-feature-dashboard schematic should run successfully 1`] = `
"import { NgModule } from '@angular/core'
import { CommonModule } from '@angular/common'
import { RouterModule } from '@angular/router'
import { TestCoreDataAccessModule } from '@nxpm/test/core/data-access'
import { TestUiPageModule } from '@nxpm/test/ui/page'
import { TestDashboardFeatureComponent } from './test-dashboard-feature.component'

@NgModule({
  declarations: [TestDashboardFeatureComponent],
  imports: [
    CommonModule,
    TestCoreDataAccessModule,
    TestUiPageModule,
    RouterModule.forChild([{ path: '', pathMatch: 'full', component: TestDashboardFeatureComponent }]),
  ],
})
export class TestDashboardFeatureModule {}
"
`;
